// Jest Snapshot v1, https://goo.gl/fbAQLP

exports[`SettingsScreen opens mail client when the feedback button is pressed 1`] = `
Array [
  Array [
    Object {
      "body": "I've been using UCL Assistant and I just wanted to tell you ... 

Technical Information
{
  \\"deviceName\\": \\"Test Phone\\",
  \\"platform\\": {},
  \\"upi\\": \\"upiupi11\\"
}",
      "recipients": Array [
        "isd.apiteam@ucl.ac.uk",
      ],
      "subject": "Feedback about UCL Assistant",
    },
  ],
]
`;

exports[`SettingsScreen renders the SettingsScreen 1`] = `
Array [
  <RCTSafeAreaView
    emulateUnlessSupported={true}
    style={
      Array [
        Object {
          "flex": 0,
        },
        Object {
          "backgroundColor": "#fefefe",
        },
      ]
    }
  />,
  <RCTSafeAreaView
    emulateUnlessSupported={true}
    style={
      Array [
        Object {
          "backgroundColor": "#fefefe",
          "flex": 1,
          "flexDirection": "column",
        },
        undefined,
      ]
    }
  >
    <View
      mainTabPage={true}
      onLayout={[Function]}
      style={
        Array [
          Array [
            Object {
              "backgroundColor": "#fefefe",
              "flex": 1,
              "flexDirection": "column",
            },
            undefined,
          ],
          Object {
            "paddingBottom": 0,
          },
        ]
      }
    >
      <RCTScrollView
        contentContainerStyle={
          Array [
            Object {
              "paddingLeft": 20,
              "paddingRight": 20,
              "paddingTop": 10,
            },
            undefined,
          ]
        }
        keyboardDismissMode="on-drag"
        refreshControl={null}
        style={
          Array [
            Object {
              "backgroundColor": "#fefefe",
              "flex": 1,
              "paddingLeft": 20,
              "paddingRight": 20,
            },
            Object {
              "paddingLeft": 0,
              "paddingRight": 0,
            },
            undefined,
          ]
        }
      >
        <View>
          <View
            style={
              Object {
                "height": 10,
              }
            }
          />
          <View
            style={
              Object {
                "marginBottom": 15,
                "marginTop": 15,
              }
            }
          >
            <Text
              style={
                Array [
                  Object {
                    "color": "#4D5061",
                    "fontFamily": "apercu-light",
                    "fontSize": 28,
                    "marginBottom": 10,
                    "marginTop": 1,
                  },
                  undefined,
                ]
              }
            >
              User
            </Text>
            <Text
              style={
                Array [
                  Object {
                    "color": "#4D5061",
                    "fontFamily": "apercu",
                    "fontSize": 16,
                    "marginBottom": 1,
                    "marginTop": 1,
                  },
                  undefined,
                ]
              }
            >
              Logged in as Jeremy Bentham
            </Text>
            <Text
              style={
                Array [
                  Object {
                    "color": "#4D5061",
                    "fontFamily": "apercu",
                    "fontSize": 16,
                    "marginBottom": 1,
                    "marginTop": 1,
                  },
                  undefined,
                ]
              }
            >
              Unique Person Identifier (UPI): upiupi11
            </Text>
            <View
              accessible={true}
              focusable={true}
              isTVSelectable={true}
              onClick={[Function]}
              onResponderGrant={[Function]}
              onResponderMove={[Function]}
              onResponderRelease={[Function]}
              onResponderTerminate={[Function]}
              onResponderTerminationRequest={[Function]}
              onStartShouldSetResponder={[Function]}
              style={
                Object {
                  "opacity": 1,
                }
              }
            >
              <Text
                style={
                  Array [
                    Object {
                      "color": "#4D5061",
                      "fontFamily": "apercu",
                      "fontSize": 16,
                      "marginBottom": 1,
                      "marginTop": 1,
                    },
                    Object {
                      "color": "#2980b9",
                    },
                    Object {
                      "marginBottom": 10,
                      "marginTop": 10,
                    },
                  ]
                }
              >
                Sign Out
              </Text>
            </View>
            <View
              style={
                Object {
                  "flex": 1,
                  "flexDirection": "row",
                }
              }
            >
              <Text
                style={
                  Array [
                    Object {
                      "color": "#4D5061",
                      "fontFamily": "apercu",
                      "fontSize": 16,
                      "marginBottom": 1,
                      "marginTop": 1,
                    },
                    Object {
                      "flex": 0.9,
                    },
                  ]
                }
              >
                Disallow UCL Assistant from sending analytics data to UCL API
              </Text>
              <View
                accessible={true}
                focusable={true}
                isTVSelectable={true}
                onClick={[Function]}
                onResponderGrant={[Function]}
                onResponderMove={[Function]}
                onResponderRelease={[Function]}
                onResponderTerminate={[Function]}
                onResponderTerminationRequest={[Function]}
                onStartShouldSetResponder={[Function]}
                style={
                  Object {
                    "flex": 0.1,
                    "justifyContent": "center",
                  }
                }
              >
                <View
                  style={
                    Object {
                      "alignItems": "center",
                      "flexDirection": "row",
                    }
                  }
                >
                  <Image
                    source={1}
                    style={
                      Object {
                        "tintColor": undefined,
                      }
                    }
                  />
                </View>
              </View>
            </View>
          </View>
          <View
            style={
              Object {
                "marginBottom": 15,
                "marginTop": 15,
              }
            }
          >
            <Text
              style={
                Array [
                  Object {
                    "color": "#4D5061",
                    "fontFamily": "apercu-light",
                    "fontSize": 28,
                    "marginBottom": 10,
                    "marginTop": 1,
                  },
                  undefined,
                ]
              }
            >
              App Info
            </Text>
            <View
              accessible={true}
              focusable={true}
              isTVSelectable={true}
              onClick={[Function]}
              onResponderGrant={[Function]}
              onResponderMove={[Function]}
              onResponderRelease={[Function]}
              onResponderTerminate={[Function]}
              onResponderTerminationRequest={[Function]}
              onStartShouldSetResponder={[Function]}
              style={
                Object {
                  "opacity": 1,
                }
              }
            >
              <Text
                style={
                  Array [
                    Object {
                      "color": "#4D5061",
                      "fontFamily": "apercu",
                      "fontSize": 16,
                      "marginBottom": 1,
                      "marginTop": 1,
                    },
                    Object {
                      "color": "#2980b9",
                    },
                    Object {},
                  ]
                }
              >
                Website
              </Text>
            </View>
            <View
              accessible={true}
              focusable={true}
              isTVSelectable={true}
              onClick={[Function]}
              onResponderGrant={[Function]}
              onResponderMove={[Function]}
              onResponderRelease={[Function]}
              onResponderTerminate={[Function]}
              onResponderTerminationRequest={[Function]}
              onStartShouldSetResponder={[Function]}
              style={
                Object {
                  "opacity": 1,
                }
              }
            >
              <Text
                style={
                  Array [
                    Object {
                      "color": "#4D5061",
                      "fontFamily": "apercu",
                      "fontSize": 16,
                      "marginBottom": 1,
                      "marginTop": 1,
                    },
                    Object {
                      "color": "#2980b9",
                    },
                    Object {
                      "marginBottom": 10,
                    },
                  ]
                }
              >
                Frequently Asked Questions
              </Text>
            </View>
            <Text
              style={
                Array [
                  Object {
                    "color": "#4D5061",
                    "fontFamily": "apercu",
                    "fontSize": 16,
                    "marginBottom": 1,
                    "marginTop": 1,
                  },
                  undefined,
                ]
              }
            >
              Version: 7.0.0
            </Text>
            <View
              style={
                Array [
                  Object {
                    "alignItems": "center",
                    "flexDirection": "row",
                    "justifyContent": "center",
                  },
                  Object {
                    "alignItems": "center",
                    "flexDirection": "row",
                    "justifyContent": "flex-start",
                    "marginBottom": 10,
                  },
                ]
              }
            >
              <ViewManagerAdapter_ExpoLinearGradient
                proxiedProperties={
                  Object {
                    "colors": Array [
                      4292290109,
                      4292309030,
                    ],
                    "endPoint": Array [
                      1,
                      0,
                    ],
                    "locations": undefined,
                    "startPoint": Array [
                      0,
                      1,
                    ],
                  }
                }
                style={
                  Array [
                    Object {
                      "borderRadius": 5,
                      "flex": 0,
                      "marginRight": 5,
                      "paddingHorizontal": 5,
                      "paddingVertical": 2,
                    },
                    Object {},
                  ]
                }
              >
                <Text
                  style={
                    Array [
                      Object {
                        "color": "#4D5061",
                        "fontFamily": "apercu",
                        "fontSize": 16,
                        "marginBottom": 1,
                        "marginTop": 1,
                      },
                      Object {
                        "color": "#fefefe",
                      },
                    ]
                  }
                >
                  Developer Mode
                </Text>
              </ViewManagerAdapter_ExpoLinearGradient>
            </View>
            <View
              accessible={true}
              focusable={true}
              isTVSelectable={true}
              onClick={[Function]}
              onResponderGrant={[Function]}
              onResponderMove={[Function]}
              onResponderRelease={[Function]}
              onResponderTerminate={[Function]}
              onResponderTerminationRequest={[Function]}
              onStartShouldSetResponder={[Function]}
              style={
                Object {
                  "opacity": 1,
                }
              }
            >
              <Text
                style={
                  Array [
                    Object {
                      "color": "#4D5061",
                      "fontFamily": "apercu",
                      "fontSize": 16,
                      "marginBottom": 1,
                      "marginTop": 1,
                    },
                    Object {
                      "color": "#2980b9",
                    },
                    Object {},
                  ]
                }
              >
                Source Code
              </Text>
            </View>
            <View
              accessible={true}
              focusable={true}
              isTVSelectable={true}
              onClick={[Function]}
              onResponderGrant={[Function]}
              onResponderMove={[Function]}
              onResponderRelease={[Function]}
              onResponderTerminate={[Function]}
              onResponderTerminationRequest={[Function]}
              onStartShouldSetResponder={[Function]}
              style={
                Object {
                  "alignSelf": "flex-start",
                  "marginVertical": 10,
                  "opacity": 1,
                }
              }
            >
              <Text
                style={
                  Array [
                    Object {
                      "color": "#4D5061",
                      "fontFamily": "apercu",
                      "fontSize": 16,
                      "marginBottom": 1,
                      "marginTop": 1,
                    },
                    Object {
                      "color": "#2980b9",
                    },
                    Object {},
                  ]
                }
              >
                Send Us Feedback
              </Text>
            </View>
          </View>
          <View
            style={
              Object {
                "marginBottom": 15,
                "marginTop": 15,
              }
            }
          >
            <Text
              style={
                Array [
                  Object {
                    "color": "#4D5061",
                    "fontFamily": "apercu-light",
                    "fontSize": 28,
                    "marginBottom": 10,
                    "marginTop": 1,
                  },
                  undefined,
                ]
              }
            >
              Credits
            </Text>
            <Text
              style={
                Array [
                  Object {
                    "color": "#4D5061",
                    "fontFamily": "apercu",
                    "fontSize": 16,
                    "marginBottom": 1,
                    "marginTop": 1,
                  },
                  undefined,
                ]
              }
            >
              Created by Matt Bell (class of 2018) using the UCL API.
            </Text>
            <Text
              style={
                Array [
                  Object {
                    "color": "#4D5061",
                    "fontFamily": "apercu",
                    "fontSize": 16,
                    "marginBottom": 1,
                    "marginTop": 1,
                  },
                  Object {
                    "marginTop": 10,
                  },
                ]
              }
            >
              Currently managed by the UCL API Team: a group of students working together within ISD to improve UCL by building a platform on top of UCL's digital services for students.
            </Text>
            <Text
              style={
                Array [
                  Object {
                    "color": "#4D5061",
                    "fontFamily": "apercu",
                    "fontSize": 16,
                    "marginBottom": 1,
                    "marginTop": 1,
                  },
                  Object {
                    "marginTop": 10,
                  },
                ]
              }
            >
              Illustrations courtesy of the unDraw project, released under the MIT license.
            </Text>
          </View>
          <View
            style={
              Object {
                "marginBottom": 15,
                "marginTop": 15,
              }
            }
          >
            <Text
              style={
                Array [
                  Object {
                    "color": "#4D5061",
                    "fontFamily": "apercu-light",
                    "fontSize": 28,
                    "marginBottom": 10,
                    "marginTop": 1,
                  },
                  undefined,
                ]
              }
            >
              UCL API Token
            </Text>
            <View
              style={
                Array [
                  Object {
                    "alignItems": "center",
                    "flexDirection": "row",
                    "justifyContent": "center",
                  },
                  undefined,
                ]
              }
            >
              <TextInput
                allowFontScaling={true}
                placeholderTextColor="#6E707F"
                rejectResponderTermination={true}
                style={
                  Array [
                    Object {
                      "backgroundColor": "#eaeaea",
                      "borderColor": "#6E707F",
                      "borderRadius": 10,
                      "color": "#4D5061",
                      "fontFamily": "apercu",
                      "fontSize": 16,
                      "height": 50,
                      "marginBottom": 10,
                      "marginLeft": 2,
                      "marginRight": 2,
                      "marginTop": 10,
                      "minWidth": 200,
                      "paddingBottom": 5,
                      "paddingLeft": 10,
                      "paddingRight": 10,
                      "paddingTop": 5,
                    },
                    Object {
                      "flex": 1,
                    },
                  ]
                }
                underlineColorAndroid="transparent"
                value="abc123"
              />
              <View
                accessible={true}
                focusable={true}
                isTVSelectable={true}
                onClick={[Function]}
                onResponderGrant={[Function]}
                onResponderMove={[Function]}
                onResponderRelease={[Function]}
                onResponderTerminate={[Function]}
                onResponderTerminationRequest={[Function]}
                onStartShouldSetResponder={[Function]}
                style={
                  Object {
                    "backgroundColor": "transparent",
                    "opacity": 1,
                  }
                }
              >
                <ViewManagerAdapter_ExpoLinearGradient
                  proxiedProperties={
                    Object {
                      "colors": Array [
                        4279998859,
                        4283151357,
                      ],
                      "endPoint": Array [
                        1,
                        0,
                      ],
                      "locations": undefined,
                      "startPoint": Array [
                        0,
                        1,
                      ],
                    }
                  }
                  style={
                    Array [
                      Object {
                        "borderRadius": 8,
                        "elevation": 2,
                        "marginBottom": 5,
                        "marginTop": 5,
                        "minHeight": 55,
                        "minWidth": 150,
                        "padding": 8,
                        "paddingLeft": 16,
                        "paddingRight": 16,
                        "shadowColor": "#1B998B",
                        "shadowOffset": Object {
                          "height": 2,
                          "width": 0,
                        },
                        "shadowOpacity": 0.75,
                        "shadowRadius": 3,
                      },
                      Object {
                        "borderRadius": 8,
                        "elevation": 2,
                        "marginBottom": 5,
                        "marginTop": 5,
                        "minHeight": 30,
                        "minWidth": 90,
                        "padding": 8,
                        "paddingLeft": 16,
                        "paddingRight": 16,
                        "shadowColor": "#1B998B",
                        "shadowOffset": Object {
                          "height": 2,
                          "width": 0,
                        },
                        "shadowOpacity": 0.75,
                        "shadowRadius": 3,
                      },
                    ]
                  }
                >
                  <Text
                    style={
                      Array [
                        Object {
                          "color": "#fefefe",
                          "flex": 1,
                          "fontFamily": "apercu",
                          "fontSize": 16,
                          "marginBottom": 1,
                          "marginTop": 1,
                          "textAlign": "center",
                        },
                        undefined,
                      ]
                    }
                  >
                    Copy
                  </Text>
                </ViewManagerAdapter_ExpoLinearGradient>
              </View>
            </View>
            <Text
              style={
                Array [
                  Object {
                    "color": "#4D5061",
                    "fontFamily": "apercu-light",
                    "fontSize": 28,
                    "marginBottom": 10,
                    "marginTop": 1,
                  },
                  undefined,
                ]
              }
            >
              State
            </Text>
            <Text
              style={
                Array [
                  Object {
                    "color": "#4D5061",
                    "fontFamily": "apercu",
                    "fontSize": 16,
                    "marginBottom": 1,
                    "marginTop": 1,
                  },
                  undefined,
                ]
              }
            >
              {
  "fullName": "Jeremy Bentham",
  "settings": {
    "shouldTrackAnalytics": false
  },
  "token": "abc123",
  "upi": "upiupi11"
}
            </Text>
          </View>
        </View>
      </RCTScrollView>
    </View>
  </RCTSafeAreaView>,
]
`;
