// Jest Snapshot v1, https://goo.gl/fbAQLP

exports[`SettingsScreen opens mail client when the feedback button is pressed 1`] = `
Array [
  Array [
    Object {
      "body": "I've been using UCL Assistant and I just wanted to tell you ... 

Technical Information
{
  \\"deviceName\\": \\"Test Phone\\",
  \\"platform\\": {},
  \\"upi\\": \\"upiupi11\\"
}",
      "recipients": Array [
        "isd.apiteam@ucl.ac.uk",
      ],
      "subject": "Feedback about UCL Assistant",
    },
  ],
]
`;

exports[`SettingsScreen renders the SettingsScreen 1`] = `undefined`;
