// Jest Snapshot v1, https://goo.gl/fbAQLP

exports[`TimetableDetailScreen renders the TimetableDetailScreen 1`] = `"{\\"initialRegion\\":{\\"latitude\\":51.5246586,\\"latitudeDelta\\":0.0012,\\"longitude\\":-0.1339784,\\"longitudeDelta\\":0.0071},\\"date\\":\\"2020-01-01\\",\\"contact\\":\\"Anne Oldman\\",\\"end_time\\":\\"00:01\\",\\"location\\":{\\"address\\":[\\"221C Banana Bread Street\\"],\\"name\\":\\"Waffle House\\"},\\"module\\":{\\"department_name\\":\\"Criminology\\",\\"lecturer\\":{\\"department_id\\":\\"CRIM\\",\\"name\\":\\"Jack Cloth\\"},\\"module_id\\":\\"ABC123\\"},\\"start_time\\":\\"00:00\\",\\"navigation\\":{}}"`;
